C51 COMPILER V9.60.0.0   AD5320                                                            07/08/2021 21:17:20 PAGE 1   


C51 COMPILER V9.60.0.0, COMPILATION OF MODULE AD5320
OBJECT MODULE PLACED IN .\Objects\ad5320.obj
COMPILER INVOKED BY: C:\Keil_v5\C51\BIN\C51.EXE ..\..\ESC51_sdk\HW_Driver\ad5320.c LARGE OPTIMIZE(8,SPEED) BROWSE INCDIR
                    -(..\..\ESC51_sdk\es_sdkstatrt;..\..\ESC51_sdk\HW_Driver\header;..\..\ESC51_sdk\HW_Support\header;..\..\ESC51_sdk\SW_Supp
                    -ort\header;..\..\ESC51_project;..\..\ESC51_sdk) DEBUG OBJECTEXTEND PRINT(.\Listings\ad5320.lst) OBJECT(.\Objects\ad5320.
                    -obj)

line level    source

   1          #include "ad5320.h"
   2          
   3          #ifdef AD5320_CONFIG
              /*------------------------------------------------
              函数名:DA_AD5320()
              功能:DA转换输出读取函数
              参数：Dignum--DA输出值
              返回值：无
              ------------------------------------------------*/
              static void delay_ns(uint z)
              {
                      while(z--)  _nop_();
              }
              /*
              void DA_AD5320(uint dat)
              {
                 uchar i;
                 SYNC_IN = 1;
                 SCLK_IN = 0;
                 D_IN    = 0;
                 SYNC_IN = 0;
                 dat=dat<<4;
                 for(i=0;i<12;i++)
                  {
                        D_IN=dat&0x8000;
                        SCLK_IN = 1;
                        _nop_();                      
                        dat = dat<<1;
                        SCLK_IN = 0;
                  }
                 SYNC_IN = 1;
              }
              */
              void DA_AD5320(uint dat)
              {
                      uint i;
                      SCLK_IN  = 1;
                      SYNC_IN  = 1;
                      delay_ns(40);
                      SYNC_IN  = 0;
                      delay_ns(20);
                      dat      = dat & 0x0fff;
                      for(i=0;i<16;i++)
                      {
                              D_IN     = dat & 0x8000;
                              SCLK_IN  = 0;
                              delay_ns(20);
                              dat      = dat << 1;
                              SCLK_IN  = 1;
                              delay_ns(20);
                      }
                      SYNC_IN  = 1;
C51 COMPILER V9.60.0.0   AD5320                                                            07/08/2021 21:17:20 PAGE 2   

              }
              
              #endif /* AD5320_CONFIG */


MODULE INFORMATION:   STATIC OVERLAYABLE
   CODE SIZE        =   ----    ----
   CONSTANT SIZE    =   ----    ----
   XDATA SIZE       =   ----    ----
   PDATA SIZE       =   ----    ----
   DATA SIZE        =   ----    ----
   IDATA SIZE       =   ----    ----
   BIT SIZE         =   ----    ----
END OF MODULE INFORMATION.


C51 COMPILATION COMPLETE.  0 WARNING(S),  0 ERROR(S)
