C51 COMPILER V9.60.0.0   BUTTON4X4                                                         07/17/2021 11:59:43 PAGE 1   


C51 COMPILER V9.60.0.0, COMPILATION OF MODULE BUTTON4X4
OBJECT MODULE PLACED IN .\Objects\button4x4.obj
COMPILER INVOKED BY: C:\Keil_v5\C51\BIN\C51.EXE ..\..\ESC51_sdk\OFC_Driver\button4x4.c LARGE WARNINGLEVEL(1) OPTIMIZE(8,
                    -SPEED) BROWSE INCDIR(..\..\ESC51_sdk\es_sdkstatrt;..\..\ESC51_sdk\OFC_Driver\header;..\..\ESC51_sdk\HW_Support\header;..
                    -\..\ESC51_sdk\SW_Support\header;..\..\ESC51_project;..\..\ESC51_sdk) DEBUG OBJECTEXTEND PRINT(.\Listings\button4x4.lst) 
                    -OBJECT(.\Objects\button4x4.obj)

line level    source

   1          #include "button4x4.h"
   2          
   3          #ifdef KEY4X4_CONFIG
   4          
   5          
   6          
   7          static void __key_delay_ms (uint ms)
   8          {
   9   1              uint i = 0;
  10   1              while (ms > 0){
  11   2                      for (i = 0; i < 110; i++);
  12   2                      ms--;
  13   2              }
  14   1      }
  15          
  16          
  17          
  18          
  19          /*******************************************************************************
  20          * 函 数 名         : KeyDown
  21          * 函数功能                 : 检测有按键按下并读取键值
  22          * 输    入         : 无
  23          * 输    出         : 无
  24          *******************************************************************************/
  25          u8 KeyDown(void)
  26          {
  27   1              u8    KeyValue = 17;
  28   1              
  29   1              GPIO_KEY=0xF0;
  30   1              if(GPIO_KEY!=0xF0)
  31   1        {
  32   2                      __key_delay_ms(20);
  33   2                      if(GPIO_KEY!=0x0f)
  34   2                      {
  35   3                              GPIO_KEY=0XF0;
  36   3                              switch(GPIO_KEY)
  37   3                              {
  38   4                                      case(0XE0):     KeyValue=0;break;
  39   4                                      case(0XD0):     KeyValue=1;break;
  40   4                                      case(0XB0): KeyValue=2;break;
  41   4                                      case(0X70):     KeyValue=3;break;
  42   4                                      default:        KeyValue=17;
  43   4                              }
  44   3                              //测试行
  45   3                              GPIO_KEY=0X0F;
  46   3                              __key_delay_ms(20);
  47   3                              switch(GPIO_KEY)
  48   3                              {
  49   4                                      case(0X0E):     KeyValue=KeyValue;   break;
  50   4                                      case(0X0D):     KeyValue=KeyValue+4; break;
  51   4                                      case(0X0B): KeyValue=KeyValue+8; break;
  52   4                                      case(0X07):     KeyValue=KeyValue+12;break;
C51 COMPILER V9.60.0.0   BUTTON4X4                                                         07/17/2021 11:59:43 PAGE 2   

  53   4                                      default:        KeyValue=17;
  54   4                              }
  55   3                              while(GPIO_KEY != 0x0f)  //按键松手检测
  56   3                              {
  57   4                                      __key_delay_ms(10);
  58   4                              }
  59   3                      }
  60   2              }
  61   1              
  62   1              return KeyValue;
  63   1      }
  64          
  65          #endif /* KEY4X4_CONFIG */


MODULE INFORMATION:   STATIC OVERLAYABLE
   CODE SIZE        =    216    ----
   CONSTANT SIZE    =   ----    ----
   XDATA SIZE       =   ----       1
   PDATA SIZE       =   ----    ----
   DATA SIZE        =   ----    ----
   IDATA SIZE       =   ----    ----
   BIT SIZE         =   ----    ----
END OF MODULE INFORMATION.


C51 COMPILATION COMPLETE.  0 WARNING(S),  0 ERROR(S)
