C51 COMPILER V9.60.0.0   DIGITALTUBE6                                                      07/11/2021 00:31:28 PAGE 1   


C51 COMPILER V9.60.0.0, COMPILATION OF MODULE DIGITALTUBE6
OBJECT MODULE PLACED IN .\Objects\DigitalTube6.obj
COMPILER INVOKED BY: C:\Keil_v5\C51\BIN\C51.EXE ..\..\ESC51_sdk\OFC_Driver\DigitalTube6.c LARGE WARNINGLEVEL(1) OPTIMIZE
                    -(8,SPEED) BROWSE INCDIR(..\..\ESC51_sdk\es_sdkstatrt;..\..\ESC51_sdk\OFC_Driver\header;..\..\ESC51_sdk\HW_Support\header
                    -;..\..\ESC51_sdk\SW_Support\header;..\..\ESC51_project;..\..\ESC51_sdk) DEBUG OBJECTEXTEND PRINT(.\Listings\DigitalTube6
                    -.lst) OBJECT(.\Objects\DigitalTube6.obj)

line level    source

   1          #include "DigitalTube6.h"
   2          
   3          #ifdef DIGITALTUBE6_CONFIG
              
              /*------------------------------------------------
                                  数码管位定义
              ------------------------------------------------*/
              static uchar SMG_Wei[6]   =
              {
                      0xe8,0xe9,0xea,0xeb,0xec,0xed
              };
              /*------------------------------------------------
                                  数码管段定义
              ------------------------------------------------*/
              static uchar SMG_Duan[16] =
              {
                      0xc0,0xf9,0xa4,0xb0,
                      0x99,0x92,0x82,0xf8,
                      0x80,0x90,0x88,0x83,
                      0xc6,0xa1,0x86,0x8e
              };
              
              
              
              /*------------------------------------------------
                               数码管显示延时
              ------------------------------------------------*/
              void SMG_Delay(uchar ms)
              {
                      uchar i;
                      while(ms--)
                              for(i=0;i<110;i++);
              }
              
              /*------------------------------------------------
                               数码管显示函数
              ------------------------------------------------*/
              void SMG_Show(uchar x,uchar dat)
              {
                      SMG_WEI  = SMG_Wei[x];
                      SMG_DUAN = SMG_Duan[dat];
                      SMG_Delay(2);
              }
              
              #endif /* DIGITALTUBE6_CONFIG */


MODULE INFORMATION:   STATIC OVERLAYABLE
   CODE SIZE        =   ----    ----
   CONSTANT SIZE    =   ----    ----
   XDATA SIZE       =   ----    ----
   PDATA SIZE       =   ----    ----
C51 COMPILER V9.60.0.0   DIGITALTUBE6                                                      07/11/2021 00:31:28 PAGE 2   

   DATA SIZE        =   ----    ----
   IDATA SIZE       =   ----    ----
   BIT SIZE         =   ----    ----
END OF MODULE INFORMATION.


C51 COMPILATION COMPLETE.  0 WARNING(S),  0 ERROR(S)
