C51 COMPILER V9.60.0.0   HCSR04                                                            07/17/2021 11:59:45 PAGE 1   


C51 COMPILER V9.60.0.0, COMPILATION OF MODULE HCSR04
OBJECT MODULE PLACED IN .\Objects\hcsr04.obj
COMPILER INVOKED BY: C:\Keil_v5\C51\BIN\C51.EXE ..\..\ESC51_sdk\OFC_Driver\hcsr04.c LARGE WARNINGLEVEL(1) OPTIMIZE(8,SPE
                    -ED) BROWSE INCDIR(..\..\ESC51_sdk\es_sdkstatrt;..\..\ESC51_sdk\OFC_Driver\header;..\..\ESC51_sdk\HW_Support\header;..\..
                    -\ESC51_sdk\SW_Support\header;..\..\ESC51_project;..\..\ESC51_sdk) DEBUG OBJECTEXTEND PRINT(.\Listings\hcsr04.lst) OBJECT
                    -(.\Objects\hcsr04.obj)

line level    source

   1          #include "hcsr04.h"
   2          
   3          #ifdef HCSR04_CONFIG
              
              
              static void delay_us(uint us)
              {
                      us /= 2;
                      while (us > 0)
                      {
                              us--;
                              _nop_();
                      }
              }
              
              
              uint HCSR04_NoneRead (void)
              {
                      uint recvtime = 0;
                      HCSR04_TRIG = 0;
                      //HCSR04_ECHO = 0;
                      delay_us(60);
                      HCSR04_TRIG = 1;
                      delay_us(20);
                      HCSR04_TRIG = 0;
                      while (HCSR04_ECHO == 0);
                      while (HCSR04_ECHO == 1)
                      {
                              recvtime++;
                      }
                      
                      return recvtime;
              }
              
              
              #ifdef TIMER0_CONFIG
              
              static uint recvus = 0;
              
              static int hcsr04_intcallback(void* arg)
              {
                      void* ptr = arg;
                      recvus++;
                      return 0;
              }
              
              uint HCSR04_IntConfig (void)
              {
                      //Timer0Init_NoOpen(TIMER0_MODE_1, 100, hcsr04_intcallback);
                      
                      return 0;
              }
C51 COMPILER V9.60.0.0   HCSR04                                                            07/17/2021 11:59:45 PAGE 2   

              
              uint HCSR04_IntReadcm (void)
              {
                      uint recvcm = 0;
                      HCSR04_TRIG = 0;
                      //HCSR04_ECHO = 0;
                      delay_us(60);
                      HCSR04_TRIG = 1;
                      delay_us(20);
                      HCSR04_TRIG = 0;
                      
                      while (HCSR04_ECHO == 0);
                      Timer0Open();
                      while (HCSR04_ECHO == 1)
                      {
                              
                      }
                      Timer0Close();
                      
                      recvcm = recvus * 34 / 2 / 10;
                      
                      return recvcm;
              }
              
              
              #endif /* TIMER0_CONFIG */
              
              #endif /* HCSR04_CONFIG */


MODULE INFORMATION:   STATIC OVERLAYABLE
   CODE SIZE        =   ----    ----
   CONSTANT SIZE    =   ----    ----
   XDATA SIZE       =   ----    ----
   PDATA SIZE       =   ----    ----
   DATA SIZE        =   ----    ----
   IDATA SIZE       =   ----    ----
   BIT SIZE         =   ----    ----
END OF MODULE INFORMATION.


C51 COMPILATION COMPLETE.  0 WARNING(S),  0 ERROR(S)
