C51 COMPILER V9.60.0.0   HW_TIMER0                                                         07/10/2021 16:41:31 PAGE 1   


C51 COMPILER V9.60.0.0, COMPILATION OF MODULE HW_TIMER0
OBJECT MODULE PLACED IN .\Objects\hw_Timer0.obj
COMPILER INVOKED BY: C:\Keil_v5\C51\BIN\C51.EXE ..\..\ESC51_sdk\HW_Support\hw_Timer0.c LARGE OPTIMIZE(8,SPEED) BROWSE IN
                    -CDIR(..\..\ESC51_sdk\es_sdkstatrt;..\..\ESC51_sdk\OFC_Driver\header;..\..\ESC51_sdk\HW_Support\header;..\..\ESC51_sdk\SW
                    -_Support\header;..\..\ESC51_project;..\..\ESC51_sdk) DEBUG OBJECTEXTEND PRINT(.\Listings\hw_Timer0.lst) OBJECT(.\Objects
                    -\hw_Timer0.obj)

line level    source

   1          #include "hw_Timer0.h"
   2          
   3          #ifdef TIMER0_CONFIG
              //#ifndef GTIMER_CONFIG
              
              
              static u8 timer_h;
              static u8 timer_l;
              
              static bit mode_flg = 0;
              
              int (*pointer_interupt_timer0)(void *arg);
              
              static int interupt_timer_function (void *arg) 
              {
                      return 0;
              }
              
              /*******************************************************************************
              * 函 数 名         : Timer0Init
              * 函数功能                 : 定时器0初始化
              * 输    入         : 无
              * 输    出         : 无
              *******************************************************************************/
              void Timer0Init(TIMER0_MODE mode, uint us, void *callback)
              {
                      switch (mode)
                      {
                              case TIMER0_MODE_0:TMOD   |= 0X00;
                                                 timer_h = (8192-us) / 8;
                                                 timer_l = (8192-us) % 8;
                                                 break;
                              case TIMER0_MODE_1:TMOD   |= 0X01;
                                                 timer_h = (65536-us) / 256;
                                                 timer_l = (65536-us) % 256;
                                                 break;
                              case TIMER0_MODE_2:TMOD   |= 0X02;
                                                 timer_h = (256-us) % 256;
                                                 timer_l = timer_h;
                                                                 mode_flg = 1;
                                                 break;
                              case TIMER0_MODE_3:TMOD   |= 0X03;
                                                 timer_h = (8192-us) / 8;
                                                 timer_l = (8192-us) % 8;
                                                 break;
                              default:return ;   break;
                      }
                      
                      if (callback == NULL) {
                              pointer_interupt_timer0 = interupt_timer_function;
                      } else {
                              pointer_interupt_timer0 = callback;
C51 COMPILER V9.60.0.0   HW_TIMER0                                                         07/10/2021 16:41:31 PAGE 2   

                      }
                      
                      TH0   = timer_h;        //给定时器赋初值，定时1ms
                      TL0   = timer_l;        
                      ET0   = 1;//打开定时器0中断允许
                      EA    = 1;//打开总中断
                      TR0   = 1;//打开定时器
              }
              
              void Timer0Init_NoOpen(TIMER0_MODE mode, uint us, void *callback)
              {
                      TR0   = 0;//关闭定时器
                      ET0   = 0;//关闭定时器0中断允许
                      switch (mode)
                      {
                              case TIMER0_MODE_0:TMOD   |= 0X00;
                                                 timer_h = (8192-us) / 8;
                                                 timer_l = (8192-us) % 8;
                                                 break;
                              case TIMER0_MODE_1:TMOD   |= 0X01;
                                                 timer_h = (65536-us) / 256;
                                                 timer_l = (65536-us) % 256;
                                                 break;
                              case TIMER0_MODE_2:TMOD   |= 0X02;
                                                 timer_h = (256-us) % 256;
                                                 timer_l = timer_h;
                                                 break;
                              case TIMER0_MODE_3:TMOD   |= 0X03;
                                                 timer_h = (8192-us) / 8;
                                                 timer_l = (8192-us) % 8;
                                                 break;
                              default:return ;   break;
                      }
                      
                      if (callback == NULL) {
                              pointer_interupt_timer0 = interupt_timer_function;
                      } else {
                              pointer_interupt_timer0 = callback;
                      }
                      
                      TH0   = timer_h;        //给定时器赋初值，定时1ms
                      TL0   = timer_l;        
                      ET0   = 0;//关闭定时器0中断允许
                      EA    = 1;//打开总中断
                      TR0   = 0;//打开定时器
              }
              
              void Timer0Open(void)
              {
                      ET0   = 1;//打开定时器0中断允许
                      TR0   = 1;//打开定时器
              }
              
              void Timer0Close(void)
              {
                      TR0   = 0;//关闭定时器
                      ET0   = 0;//关闭定时器0中断允许
                      TH0   = timer_h;        //给定时器赋初值，定时1ms
                      TL0   = timer_l;        
              }
              
              
C51 COMPILER V9.60.0.0   HW_TIMER0                                                         07/10/2021 16:41:31 PAGE 3   

              
              /*******************************************************************************
              * 函 数 名         : void Timer0() interrupt 1
              * 函数功能                 : 定时器0中断函数
              * 输    入         : 无
              * 输    出         : 无
              *******************************************************************************/
              void Timer0() interrupt 1
              {
                      if (mode_flg == 0) {
                              TH0 = timer_h;  //给定时器赋初值
                              TL0 = timer_l;
                      }
                      pointer_interupt_timer0(NULL);
              }
              
              //#endif /* GTIMER_CONFIG */
              
              #endif /* TIMER0_CONFIG */


MODULE INFORMATION:   STATIC OVERLAYABLE
   CODE SIZE        =   ----    ----
   CONSTANT SIZE    =   ----    ----
   XDATA SIZE       =   ----    ----
   PDATA SIZE       =   ----    ----
   DATA SIZE        =   ----    ----
   IDATA SIZE       =   ----    ----
   BIT SIZE         =   ----    ----
END OF MODULE INFORMATION.


C51 COMPILATION COMPLETE.  0 WARNING(S),  0 ERROR(S)
