C51 COMPILER V9.60.0.0   HX711                                                             07/08/2021 23:01:06 PAGE 1   


C51 COMPILER V9.60.0.0, COMPILATION OF MODULE HX711
OBJECT MODULE PLACED IN .\Objects\hx711.obj
COMPILER INVOKED BY: C:\Keil_v5\C51\BIN\C51.EXE ..\..\ESC51_sdk\OFC_Driver\hx711.c LARGE OPTIMIZE(8,SPEED) BROWSE INCDIR
                    -(..\..\ESC51_sdk\es_sdkstatrt;..\..\ESC51_sdk\OFC_Driver\header;..\..\ESC51_sdk\HW_Support\header;..\..\ESC51_sdk\SW_Sup
                    -port\header;..\..\ESC51_project;..\..\ESC51_sdk) DEBUG OBJECTEXTEND PRINT(.\Listings\hx711.lst) OBJECT(.\Objects\hx711.o
                    -bj)

line level    source

   1          #include "hx711.h"
   2          
   3          
   4          #ifdef HX711_CONFIG
              
              unsigned long HX711_Read(void)
              {   
                      ulong Count;   
                      uchar i; 
                      HX711_DO = 1;             
                      HX711_SK = 0;   
                      Count    = 0;   
                      while(HX711_DO);   
                      for (i=0;i<24;i++)
                      {     
                              HX711_SK = 1;     
                              Count = Count<<1;    
                              HX711_SK = 0;    
                              if(HX711_DO) {
                                      Count++;
                              }
                      }   
                      HX711_SK = 1;   
                      Count    = Count^0x800000;   
                      HX711_SK = 0; 
                      
                      return Count;
              } 
              
              #endif /* HX711_CONFIG */


MODULE INFORMATION:   STATIC OVERLAYABLE
   CODE SIZE        =   ----    ----
   CONSTANT SIZE    =   ----    ----
   XDATA SIZE       =   ----    ----
   PDATA SIZE       =   ----    ----
   DATA SIZE        =   ----    ----
   IDATA SIZE       =   ----    ----
   BIT SIZE         =   ----    ----
END OF MODULE INFORMATION.


C51 COMPILATION COMPLETE.  0 WARNING(S),  0 ERROR(S)
