C51 COMPILER V9.60.0.0   LCD1602                                                           07/17/2021 11:59:45 PAGE 1   


C51 COMPILER V9.60.0.0, COMPILATION OF MODULE LCD1602
OBJECT MODULE PLACED IN .\Objects\LCD1602.obj
COMPILER INVOKED BY: C:\Keil_v5\C51\BIN\C51.EXE ..\..\ESC51_sdk\OFC_Driver\LCD1602.c LARGE WARNINGLEVEL(1) OPTIMIZE(8,SP
                    -EED) BROWSE INCDIR(..\..\ESC51_sdk\es_sdkstatrt;..\..\ESC51_sdk\OFC_Driver\header;..\..\ESC51_sdk\HW_Support\header;..\.
                    -.\ESC51_sdk\SW_Support\header;..\..\ESC51_project;..\..\ESC51_sdk) DEBUG OBJECTEXTEND PRINT(.\Listings\LCD1602.lst) OBJE
                    -CT(.\Objects\LCD1602.obj)

line level    source

   1          #include "LCD1602.h"
   2          
   3          #ifdef LCD1602_CONFIG
   4          
   5          
   6          /*------------------------------------------------
   7                           LCD1602读忙函数
   8          ------------------------------------------------*/
   9          static void LCD1602_Wait(void)
  10          {
  11   1              uchar sta;
  12   1              LCD1602_Data   = 0xff;
  13   1              LCD1602_RS     = 0;
  14   1              LCD1602_RW     = 1;
  15   1              do
  16   1              {
  17   2                      LCD1602_EN = 1;
  18   2                      sta        = LCD1602_Data;
  19   2                      LCD1602_EN = 0;
  20   2              }while(sta & 0x80);
  21   1      }
  22          /*------------------------------------------------
  23                          LCD1602写命令函数
  24          ------------------------------------------------*/
  25          void LCD1602_WriteCmd(uchar cmd)
  26          {
  27   1              LCD1602_Wait();
  28   1              LCD1602_RS  = 0;
  29   1              LCD1602_RW  = 0;
  30   1              LCD1602_Data= cmd;
  31   1              LCD1602_EN  = 1;
  32   1              LCD1602_EN  = 0;
  33   1      }
  34          /*------------------------------------------------
  35                           LCD1602写数据函数
  36          ------------------------------------------------*/
  37          void LCD1602_WriteDat(uchar dat)
  38          {
  39   1              LCD1602_Wait();
  40   1              LCD1602_RS  = 1;
  41   1              LCD1602_RW  = 0;
  42   1              LCD1602_Data= dat;
  43   1              LCD1602_EN  = 1;
  44   1              LCD1602_EN  = 0;
  45   1      }
  46          /*------------------------------------------------
  47                           LCD1602写地址函数
  48          ------------------------------------------------*/
  49          static void LCD1602_SetCursor(uchar x,uchar y)
  50          {
  51   1              uchar addr;
  52   1              if(y == 0)
C51 COMPILER V9.60.0.0   LCD1602                                                           07/17/2021 11:59:45 PAGE 2   

  53   1                      addr = 0x00 + x;
  54   1              else
  55   1                      addr = 0x40 + x;
  56   1              LCD1602_WriteCmd(addr | 0x80);
  57   1      }
  58          /*------------------------------------------------
  59                           LCD1602写字符函数
  60          ------------------------------------------------*/
  61          
  62          void LCD1602_ShowByte(uchar x,uchar y,uchar byte)
  63          {
  64   1              LCD1602_SetCursor(x,y);
  65   1              LCD1602_WriteDat(byte);
  66   1      }
  67          
  68          
  69          /*------------------------------------------------
  70                           LCD1602写字符串函数
  71          ------------------------------------------------*/
  72          
  73          void LCD1602_ShowStr(uchar x,uchar y,uchar *str)
  74          {
  75   1              LCD1602_SetCursor(x,y);
  76   1              while(*str != '\0')
  77   1              {
  78   2                      LCD1602_WriteDat(*str++);
  79   2              }
  80   1      }
  81          
  82          
  83          void LCD1602_ShowLine (uchar *line1, uchar *line2)
  84          {
  85   1              uchar i = 0;
  86   1              
  87   1              LCD1602_SetCursor(0,0);
  88   1              for (i = 0; i < 16; i++) {
  89   2                      LCD1602_WriteDat(*line1++);
  90   2              }
  91   1              LCD1602_SetCursor(0,1);
  92   1              for (i = 0; i < 16; i++) {
  93   2                      LCD1602_WriteDat(*line2++);
  94   2              }
  95   1      }
  96          
  97          void LCD1602_Show_cursor(u8 x, u8 y)
  98          {
  99   1              LCD1602_SetCursor(x,y);
 100   1              LCD1602_WriteCmd(0x0f);
 101   1      }
 102          void LCD1602_DisShow_cursor(void)
 103          {
 104   1              LCD1602_WriteCmd(0x0c);
 105   1      }
 106          /*------------------------------------------------
 107                            LCD1602初始化函数
 108          ------------------------------------------------*/
 109          void LCD1602_Init(void)
 110          {
 111   1              LCD1602_WriteCmd(0x38);
 112   1              LCD1602_WriteCmd(0x0c);
 113   1              LCD1602_WriteCmd(0x06);
 114   1              LCD1602_WriteCmd(0x01);
C51 COMPILER V9.60.0.0   LCD1602                                                           07/17/2021 11:59:45 PAGE 3   

 115   1      }
 116          
 117          #endif /* LCD1602_CONFIG */


MODULE INFORMATION:   STATIC OVERLAYABLE
   CODE SIZE        =    233    ----
   CONSTANT SIZE    =   ----    ----
   XDATA SIZE       =   ----       9
   PDATA SIZE       =   ----    ----
   DATA SIZE        =   ----    ----
   IDATA SIZE       =   ----    ----
   BIT SIZE         =   ----    ----
END OF MODULE INFORMATION.


C51 COMPILATION COMPLETE.  0 WARNING(S),  0 ERROR(S)
