C51 COMPILER V9.60.0.0   MAX1241                                                           07/11/2021 00:19:18 PAGE 1   


C51 COMPILER V9.60.0.0, COMPILATION OF MODULE MAX1241
OBJECT MODULE PLACED IN .\Objects\max1241.obj
COMPILER INVOKED BY: C:\Keil_v5\C51\BIN\C51.EXE ..\..\ESC51_sdk\OFC_Driver\max1241.c LARGE WARNINGLEVEL(1) OPTIMIZE(8,SP
                    -EED) BROWSE INCDIR(..\..\ESC51_sdk\es_sdkstatrt;..\..\ESC51_sdk\OFC_Driver\header;..\..\ESC51_sdk\HW_Support\header;..\.
                    -.\ESC51_sdk\SW_Support\header;..\..\ESC51_project;..\..\ESC51_sdk) DEBUG OBJECTEXTEND PRINT(.\Listings\max1241.lst) OBJE
                    -CT(.\Objects\max1241.obj)

line level    source

   1          #include "max1241.h"
   2          
   3          #ifdef MAX1241_CONFIG
              /*------------------------------------------------
              函数名:AD_MAX1241()
              功能:DA转换输出读取函数
              参数：无
              返回值：voltage_temp
              ------------------------------------------------*/
              uint AD_MAX1241(void)
              {
                      unsigned long int voltage_temp;
                      uint  ucop   = 12; 
                      CS_OUT   = 1;
                      SCLK_OUT = 0;
                      voltage_temp = 0;
                      CS_OUT   = 0;
                      while(D_OUT == 0);
                      SCLK_OUT=1;
                      _nop_();
                      SCLK_OUT=0;
                      while(ucop--)
                      {
                              voltage_temp <<= 1;
                              _nop_();
                              SCLK_OUT = 1;
                              _nop_();
                              if(D_OUT == 1)
                                      voltage_temp += 1;
                              SCLK_OUT = 0;
                      }
                      CS_OUT   = 1;
                      SCLK_OUT = 0;
                      return voltage_temp; 
              }
              
              
              #endif /* MAX1241_CONFIG */


MODULE INFORMATION:   STATIC OVERLAYABLE
   CODE SIZE        =   ----    ----
   CONSTANT SIZE    =   ----    ----
   XDATA SIZE       =   ----    ----
   PDATA SIZE       =   ----    ----
   DATA SIZE        =   ----    ----
   IDATA SIZE       =   ----    ----
   BIT SIZE         =   ----    ----
END OF MODULE INFORMATION.


C51 COMPILATION COMPLETE.  0 WARNING(S),  0 ERROR(S)
