C51 COMPILER V9.60.0.0   MAX263                                                            07/08/2021 22:33:44 PAGE 1   


C51 COMPILER V9.60.0.0, COMPILATION OF MODULE MAX263
OBJECT MODULE PLACED IN .\Objects\max263.obj
COMPILER INVOKED BY: C:\Keil_v5\C51\BIN\C51.EXE ..\..\ESC51_sdk\HW_Driver\max263.c LARGE OPTIMIZE(8,SPEED) BROWSE INCDIR
                    -(..\..\ESC51_sdk\es_sdkstatrt;..\..\ESC51_sdk\HW_Driver\header;..\..\ESC51_sdk\HW_Support\header;..\..\ESC51_sdk\SW_Supp
                    -ort\header;..\..\ESC51_project;..\..\ESC51_sdk) DEBUG OBJECTEXTEND PRINT(.\Listings\max263.lst) OBJECT(.\Objects\max263.
                    -obj)

line level    source

   1          #include "max263.h"
   2          
   3          #ifdef MAX263_CONFIG
              
              
              
              static float_t __arr_to_float (u8* arr)
              {
                  float_t buf = 0.0;
                      int i       = 0;
                      
                      for (i = 5; i > 0; i--) {
                          buf *= 10;
                              buf += (float_t)(arr[i]);
                      }
                      buf     += ((float_t)(arr[0])) * 0.1;
                      
                      return buf;
              }
              
              void max263_send (para_body_t* info)
              {       
                      float_t max263_fh = __arr_to_float (info->max263_fh_body.fh_value_arr);
                      
                      ad9850_wr_serial(0x00,max263_fh*100);
              }
              
              #endif /* MAX263_CONFIG */


MODULE INFORMATION:   STATIC OVERLAYABLE
   CODE SIZE        =   ----    ----
   CONSTANT SIZE    =   ----    ----
   XDATA SIZE       =   ----    ----
   PDATA SIZE       =   ----    ----
   DATA SIZE        =   ----    ----
   IDATA SIZE       =   ----    ----
   BIT SIZE         =   ----    ----
END OF MODULE INFORMATION.


C51 COMPILATION COMPLETE.  0 WARNING(S),  0 ERROR(S)
