C51 COMPILER V9.60.0.0   MAX541X                                                           07/10/2021 16:41:30 PAGE 1   


C51 COMPILER V9.60.0.0, COMPILATION OF MODULE MAX541X
OBJECT MODULE PLACED IN .\Objects\MAX541x.obj
COMPILER INVOKED BY: C:\Keil_v5\C51\BIN\C51.EXE ..\..\ESC51_sdk\OFC_Driver\MAX541x.c LARGE OPTIMIZE(8,SPEED) BROWSE INCD
                    -IR(..\..\ESC51_sdk\es_sdkstatrt;..\..\ESC51_sdk\OFC_Driver\header;..\..\ESC51_sdk\HW_Support\header;..\..\ESC51_sdk\SW_S
                    -upport\header;..\..\ESC51_project;..\..\ESC51_sdk) DEBUG OBJECTEXTEND PRINT(.\Listings\MAX541x.lst) OBJECT(.\Objects\MAX
                    -541x.obj)

line level    source

   1          #include "MAX541x.h"
   2          
   3          #ifdef MAX541X_CONFIG
              
              
              
              void max541x_init (void)
              {
                      MAX541X_DIN = 0;
                      MAX541X_CLK = 1;
                      MAX541X_CS  = 1;
              }
              
              void __delay_nop (void)
              {
                      unsigned char i = 0;
                      for (i = 0; i < 255; i++);
              }
              
              void max541x_send (u8 dat)
              {
                      u8 i= 8;
                      MAX541X_CLK = 0;
                      __delay_nop();
                      MAX541X_CLK     = 1;
                      __delay_nop();
                      MAX541X_CLK = 0;
                      
                      __delay_nop();
                      MAX541X_CS      = 0;
                      MAX541X_DIN     = 0;
                      __delay_nop();
                      MAX541X_CLK     = 1;
                      __delay_nop();
              
                      while (i--)
                      {
                              if (dat & 0x80){
                                MAX541X_DIN = 1;
                              }else{
                                MAX541X_DIN = 0;
                              }
                              MAX541X_CLK     = 0;
                              __delay_nop();
                              MAX541X_CLK             = 1;
                              __delay_nop();
                              //MAX541X_CLK           =0;
                              dat   <<= 1;
                      }
                      MAX541X_CLK             = 0;
                      __delay_nop();
                      MAX541X_CS        = 1;
C51 COMPILER V9.60.0.0   MAX541X                                                           07/10/2021 16:41:30 PAGE 2   

                      __delay_nop();
                      MAX541X_CLK     =1;
              }
              
              #endif /* MAX541X_CONFIG */


MODULE INFORMATION:   STATIC OVERLAYABLE
   CODE SIZE        =   ----    ----
   CONSTANT SIZE    =   ----    ----
   XDATA SIZE       =   ----    ----
   PDATA SIZE       =   ----    ----
   DATA SIZE        =   ----    ----
   IDATA SIZE       =   ----    ----
   BIT SIZE         =   ----    ----
END OF MODULE INFORMATION.


C51 COMPILATION COMPLETE.  0 WARNING(S),  0 ERROR(S)
