C51 COMPILER V9.60.0.0   PFM                                                               07/17/2021 11:59:46 PAGE 1   


C51 COMPILER V9.60.0.0, COMPILATION OF MODULE PFM
OBJECT MODULE PLACED IN .\Objects\pfm.obj
COMPILER INVOKED BY: C:\Keil_v5\C51\BIN\C51.EXE ..\..\ESC51_sdk\OFC_Driver\pfm.c LARGE WARNINGLEVEL(1) OPTIMIZE(8,SPEED)
                    - BROWSE INCDIR(..\..\ESC51_sdk\es_sdkstatrt;..\..\ESC51_sdk\OFC_Driver\header;..\..\ESC51_sdk\HW_Support\header;..\..\ES
                    -C51_sdk\SW_Support\header;..\..\ESC51_project;..\..\ESC51_sdk) DEBUG OBJECTEXTEND PRINT(.\Listings\pfm.lst) OBJECT(.\Obj
                    -ects\pfm.obj)

line level    source

   1          #include "pfm.h"
   2          
   3          #ifdef PFM_CONFIG
              
              
              
              static int pfm_int_function (void *arg) 
              {
                      PFM_OUT = ~PFM_OUT;
                      return 0;
              }
              
              
              char PFM_Init (uint frq)
              {
                      uint16_t us10 = 0;
                      us10 = frq   / 10;
                      us10 = 50000 / us10;
                      Timer0Init(TIMER0_MODE_1, us10, pfm_int_function);
                      return 0;
              }
              
              
              
              
              char PFM_Start (void)
              {
                      Timer0Open();
                      
                      return 0;
              }
              
              char PFM_Stop (void)
              {
                      Timer0Close();
                      
                      return 0;
              }
              
              
              char PFM_SetFrq (uint frq)
              {
                      uint16_t us10 = 0;
                      us10 = frq   / 10;
                      us10 = 50000 / us10;
                      
                      Timer0Settime(us10);
                      
                      return 0;
              }
              
              #endif /* PFM_CONFIG */
C51 COMPILER V9.60.0.0   PFM                                                               07/17/2021 11:59:46 PAGE 2   



MODULE INFORMATION:   STATIC OVERLAYABLE
   CODE SIZE        =   ----    ----
   CONSTANT SIZE    =   ----    ----
   XDATA SIZE       =   ----    ----
   PDATA SIZE       =   ----    ----
   DATA SIZE        =   ----    ----
   IDATA SIZE       =   ----    ----
   BIT SIZE         =   ----    ----
END OF MODULE INFORMATION.


C51 COMPILATION COMPLETE.  0 WARNING(S),  0 ERROR(S)
