C51 COMPILER V9.60.0.0   USER                                                              07/17/2021 11:59:42 PAGE 1   


C51 COMPILER V9.60.0.0, COMPILATION OF MODULE USER
OBJECT MODULE PLACED IN .\Objects\user.obj
COMPILER INVOKED BY: C:\Keil_v5\C51\BIN\C51.EXE ..\user.c LARGE WARNINGLEVEL(1) OPTIMIZE(8,SPEED) BROWSE INCDIR(..\..\ES
                    -C51_sdk\es_sdkstatrt;..\..\ESC51_sdk\OFC_Driver\header;..\..\ESC51_sdk\HW_Support\header;..\..\ESC51_sdk\SW_Support\head
                    -er;..\..\ESC51_project;..\..\ESC51_sdk) DEBUG OBJECTEXTEND PRINT(.\Listings\user.lst) OBJECT(.\Objects\user.obj)

line level    source

   1          #include "es_sys_package.h"
   2          
   3          
   4          
   5          void es_main(void)
   6          {       
   7   1              
   8   1              while (1)
   9   1              {
  10   2                      
  11   2                      
  12   2              }
  13   1      }


MODULE INFORMATION:   STATIC OVERLAYABLE
   CODE SIZE        =      2    ----
   CONSTANT SIZE    =   ----    ----
   XDATA SIZE       =   ----    ----
   PDATA SIZE       =   ----    ----
   DATA SIZE        =   ----    ----
   IDATA SIZE       =   ----    ----
   BIT SIZE         =   ----    ----
END OF MODULE INFORMATION.


C51 COMPILATION COMPLETE.  0 WARNING(S),  0 ERROR(S)
